{
 "n_producible": 20,
 "n_terminals": 1,
 "terminal_decodes": [
  "ap"
 ],
 "expected_terminal_decode": "ap",
 "d3t_producible_in": 0,
 "d2tq_producible_in": 0,
 "capture_channel_lockfalse": 0,
 "capture_channel_wrongcut_reference": 1,
 "falsity_chain_south_bond": 1,
 "lock_bonds_false_output": 1,
 "inert_once": {
  "u-cut": 1,
  "u-a": 1,
  "u-p": 1,
  "u-q": 0,
  "SP4": 1,
  "cap3": 1,
  "rq-f-done": 1
 },
 "q_true_occurrences": 0,
 "rq_t_bonded_by_any_w_face": [],
 "clingo": {
  "available": true,
  "stable_models": [
   [
    "a.",
    "p.",
    "q."
   ]
  ],
  "ap_only_satisfiable": false
 }
}
ALL A-TAM CHECKS PASSED
