{"Gse": 9.0, "T_read_rule": "400*exp(Gmc)", "n_per_point": 500, "seed_base": 20261015, "model": "kTAM v3 no-mismatch, per-row value-typed locks, 3-row systems", "systems": [{"idx": 0, "name": "2cycle", "expected": "a"}, {"idx": 1, "name": "correct_stage_order", "expected": "apq"}, {"idx": 2, "name": "wrong_cut_edge", "expected": "ap"}, {"idx": 3, "name": "wrong_row_order", "expected": "a"}], "predictions": ["P1 2cycle wrong<=e^-2dG at dG=2,4", "P2 anchored CORRECT wrong<=e^-2dG at dG=2,4", "P3 wrong builds: apq <= 3/500 everywhere", "P4 3-row partial@dG=7 > C2 2-row 0.128"], "v3_c2_partial_baseline": {"0.5": 0, "2.0": 2, "4.0": 2, "7.0": 64}}
{"system": "2cycle", "Gmc": 9.5, "dGmc": 0.5, "n": 500, "decode": {"a": 433, "apq": 13, "partial": 54}, "decode_loose": {"a": 433, "apq": 67}, "expected": "a", "wrong_frac": 0.026, "partial_frac": 0.108, "curve_e_neg_dG": 0.6065, "curve_e_neg_2dG": 0.36788}
{"system": "2cycle", "Gmc": 11.0, "dGmc": 2.0, "n": 500, "decode": {"a": 466, "apq": 1, "partial": 33}, "decode_loose": {"a": 468, "apq": 32}, "expected": "a", "wrong_frac": 0.002, "partial_frac": 0.066, "curve_e_neg_dG": 0.1353, "curve_e_neg_2dG": 0.01832}
{"system": "2cycle", "Gmc": 13.0, "dGmc": 4.0, "n": 500, "decode": {"a": 496, "partial": 4}, "decode_loose": {"a": 500}, "expected": "a", "wrong_frac": 0.0, "partial_frac": 0.008, "curve_e_neg_dG": 0.0183, "curve_e_neg_2dG": 0.00034}
{"system": "2cycle", "Gmc": 16.0, "dGmc": 7.0, "n": 500, "decode": {"a": 425, "partial": 75}, "decode_loose": {"a": 500}, "expected": "a", "wrong_frac": 0.0, "partial_frac": 0.15, "curve_e_neg_dG": 0.0009, "curve_e_neg_2dG": 0.0}
{"system": "2cycle", "wrong_total": 14, "n_total": 2000, "wrong_ci95_upper": 0.0015, "loose_apq_total": 99}
{"system": "correct_stage_order", "Gmc": 9.5, "dGmc": 0.5, "n": 500, "decode": {"apq": 500}, "decode_loose": {"apq": 500}, "expected": "apq", "wrong_frac": 0.0, "partial_frac": 0.0, "curve_e_neg_dG": 0.6065, "curve_e_neg_2dG": 0.36788}
{"system": "correct_stage_order", "Gmc": 11.0, "dGmc": 2.0, "n": 500, "decode": {"apq": 499, "partial": 1}, "decode_loose": {"apq": 500}, "expected": "apq", "wrong_frac": 0.0, "partial_frac": 0.002, "curve_e_neg_dG": 0.1353, "curve_e_neg_2dG": 0.01832}
{"system": "correct_stage_order", "Gmc": 13.0, "dGmc": 4.0, "n": 500, "decode": {"apq": 495, "partial": 5}, "decode_loose": {"apq": 500}, "expected": "apq", "wrong_frac": 0.0, "partial_frac": 0.01, "curve_e_neg_dG": 0.0183, "curve_e_neg_2dG": 0.00034}
{"system": "correct_stage_order", "Gmc": 16.0, "dGmc": 7.0, "n": 500, "decode": {"apq": 433, "partial": 67}, "decode_loose": {"ap": 11, "apq": 489}, "expected": "apq", "wrong_frac": 0.0, "partial_frac": 0.134, "curve_e_neg_dG": 0.0009, "curve_e_neg_2dG": 0.0}
{"system": "correct_stage_order", "wrong_total": 0, "n_total": 2000, "wrong_ci95_upper": 0.0015, "loose_apq_total": 1989}
{"system": "wrong_cut_edge", "Gmc": 9.5, "dGmc": 0.5, "n": 500, "decode": {"apq": 500}, "decode_loose": {"apq": 500}, "expected": "ap", "wrong_frac": 1.0, "partial_frac": 0.0, "curve_e_neg_dG": 0.6065, "curve_e_neg_2dG": 0.36788}
{"system": "wrong_cut_edge", "Gmc": 11.0, "dGmc": 2.0, "n": 500, "decode": {"ap": 1, "apq": 496, "partial": 3}, "decode_loose": {"ap": 4, "apq": 496}, "expected": "ap", "wrong_frac": 0.992, "partial_frac": 0.006, "curve_e_neg_dG": 0.1353, "curve_e_neg_2dG": 0.01832}
{"system": "wrong_cut_edge", "Gmc": 13.0, "dGmc": 4.0, "n": 500, "decode": {"apq": 363, "partial": 137}, "decode_loose": {"ap": 134, "apq": 366}, "expected": "ap", "wrong_frac": 0.726, "partial_frac": 0.274, "curve_e_neg_dG": 0.0183, "curve_e_neg_2dG": 0.00034}
{"system": "wrong_cut_edge", "Gmc": 16.0, "dGmc": 7.0, "n": 500, "decode": {"apq": 3, "partial": 497}, "decode_loose": {"a": 11, "ap": 486, "apq": 3}, "expected": "ap", "wrong_frac": 0.006, "partial_frac": 0.994, "curve_e_neg_dG": 0.0009, "curve_e_neg_2dG": 0.0}
{"system": "wrong_cut_edge", "wrong_total": 1362, "n_total": 2000, "wrong_ci95_upper": 0.0015, "loose_apq_total": 1365}
{"system": "wrong_row_order", "Gmc": 9.5, "dGmc": 0.5, "n": 500, "decode": {"partial": 500}, "decode_loose": {"a": 479, "ap": 10, "q": 3, "qp": 8}, "expected": "a", "wrong_frac": 0.0, "partial_frac": 1.0, "curve_e_neg_dG": 0.6065, "curve_e_neg_2dG": 0.36788}
{"system": "wrong_row_order", "Gmc": 11.0, "dGmc": 2.0, "n": 500, "decode": {"partial": 500}, "decode_loose": {"a": 495, "ap": 5}, "expected": "a", "wrong_frac": 0.0, "partial_frac": 1.0, "curve_e_neg_dG": 0.1353, "curve_e_neg_2dG": 0.01832}
{"system": "wrong_row_order", "Gmc": 13.0, "dGmc": 4.0, "n": 500, "decode": {"partial": 500}, "decode_loose": {"a": 494, "ap": 4, "aq": 1, "aqp": 1}, "expected": "a", "wrong_frac": 0.0, "partial_frac": 1.0, "curve_e_neg_dG": 0.0183, "curve_e_neg_2dG": 0.00034}
{"system": "wrong_row_order", "Gmc": 16.0, "dGmc": 7.0, "n": 500, "decode": {"partial": 500}, "decode_loose": {"a": 494, "ap": 1, "aq": 1, "empty": 4}, "expected": "a", "wrong_frac": 0.0, "partial_frac": 1.0, "curve_e_neg_dG": 0.0009, "curve_e_neg_2dG": 0.0}
{"system": "wrong_row_order", "wrong_total": 0, "n_total": 2000, "wrong_ci95_upper": 0.0015, "loose_apq_total": 0}
EXIT=0
