OR-AND parity corpus — compiler v0.1 (tick 46)
programs: 8 compiling + 6 refusals | total wall 0.03s
  PC1 ok=True  n=2 tiles= 8 asm= 15 term=1 decode=p+r locks=True dead=- absent=True bfs=0.00s
      axis: n=2, unit-only OR: the smallest admissible shape
  PC2 ok=True  n=3 tiles=14 asm= 45 term=2 decode=p+q+r locks=True dead=- absent=True bfs=0.00s
      axis: n=3, AND+unit (the tick-20 BUILD1 program, re-verified through the corpus path)
  PC3 ok=True  n=3 tiles=14 asm= 35 term=1 decode=p+r locks=True dead=and1_r absent=True bfs=0.00s
      axis: n=3, dead AND variant over predicted-false q (BUILD2 program): OR rescue + dead-reader absence
  PC4 ok=True  n=3 tiles=12 asm= 35 term=1 decode=q locks=True dead=and1_r,unit1_r absent=True bfs=0.00s
      axis: n=3, both rules dead, false terminal row (BUILD3 program): full foundedness demolition
  PC5 ok=True  n=4 tiles=16 asm= 70 term=1 decode=p+q+r+s locks=True dead=- absent=True bfs=0.00s
      axis: n=4, AND over (row-3 fact, row-1 via) with two middle facts: first exhaustive 4-row BFS
  PC6 ok=True  n=4 tiles=18 asm= 85 term=2 decode=p+q+r+s locks=True dead=- absent=True bfs=0.00s
      axis: n=4, duplicate-AND OR pair (and1_r/and2_r count-2 fingerprint on the conjunctive class)
  PC7 ok=True  n=4 tiles=20 asm=100 term=3 decode=p+q+r+s locks=True dead=- absent=True bfs=0.00s
      axis: n=4, three-way terminal-row contention: two unit readers + one AND pair compete for the V-column slot
  PC8 ok=True  n=4 tiles=18 asm= 85 term=2 decode=p+q+r+s locks=True dead=- absent=True bfs=0.00s
      axis: n=4, AND+unit at four rows: does the BUILD1 shape generalize past n=3
  PR1 ok=True  UnsupportedGeometry: conjunctive variant of 'r': literals must sit at (adjacent-below, row-1 via), got rows (2, 1)
      axis: AND hi at non-adjacent row 2
  PR2 ok=True  UnsupportedGeometry: fact-true 'q' at terminal row: no corpus build pins a terminal V tile (refused)
      axis: fact-true at the terminal row
  PR3 ok=True  UnsupportedGeometry: rule atom 'r' at non-terminal row 3: variant readers occupy the via column; multi-derived-row chains are untested geometry
      axis: rule atom below the terminal row
  PR4 ok=True  UnsupportedGeometry: unit variant of 'r': literal 'q' not via-carried (row-1); direct-below unit readers are a designs/002 geometry, unwired in v0.1
      axis: unit literal not at row 1
  PR5 ok=True  UnsupportedGeometry: body width 3 for 'r': slot widening untested (designs/003 honest limit)
      axis: body width 3
  PR6 ok=True  CompileError: d3 support: predicted-true 'r' has no live rule
      axis: underivable predicted-true atom (wrong-compile arm)
ALL_OK True
--- json ---
{
 "all_ok": true,
 "corpus": [
  {
   "assemblies": 15,
   "d4_severity": "warning",
   "dead_glues_absent": {},
   "dead_variant_glues": [],
   "expected": [
    "p",
    "r"
   ],
   "full_locks": true,
   "n_rows": 2,
   "name": "PC1",
   "ok": true,
   "predicted": [
    "p",
    "r"
   ],
   "seconds_bfs": 0.0,
   "seconds_compile": 0.001,
   "terminal_decodes": [
    [
     "p",
     "r"
    ]
   ],
   "terminals": 1,
   "tiles": 8
  },
  {
   "assemblies": 45,
   "d4_severity": "error",
   "dead_glues_absent": {},
   "dead_variant_glues": [],
   "expected": [
    "p",
    "q",
    "r"
   ],
   "full_locks": true,
   "n_rows": 3,
   "name": "PC2",
   "ok": true,
   "predicted": [
    "p",
    "q",
    "r"
   ],
   "seconds_bfs": 0.001,
   "seconds_compile": 0.0,
   "terminal_decodes": [
    [
     "p",
     "q",
     "r"
    ]
   ],
   "terminals": 2,
   "tiles": 14
  },
  {
   "assemblies": 35,
   "d4_severity": "error",
   "dead_glues_absent": {
    "and1_r": true
   },
   "dead_variant_glues": [
    "and1_r"
   ],
   "expected": [
    "p",
    "r"
   ],
   "full_locks": true,
   "n_rows": 3,
   "name": "PC3",
   "ok": true,
   "predicted": [
    "p",
    "r"
   ],
   "seconds_bfs": 0.001,
   "seconds_compile": 0.0,
   "terminal_decodes": [
    [
     "p",
     "r"
    ]
   ],
   "terminals": 1,
   "tiles": 14
  },
  {
   "assemblies": 35,
   "d4_severity": "warning",
   "dead_glues_absent": {
    "and1_r": true,
    "unit1_r": true
   },
   "dead_variant_glues": [
    "and1_r",
    "unit1_r"
   ],
   "expected": [
    "q"
   ],
   "full_locks": true,
   "n_rows": 3,
   "name": "PC4",
   "ok": true,
   "predicted": [
    "q"
   ],
   "seconds_bfs": 0.001,
   "seconds_compile": 0.004,
   "terminal_decodes": [
    [
     "q"
    ]
   ],
   "terminals": 1,
   "tiles": 12
  },
  {
   "assemblies": 70,
   "d4_severity": "warning",
   "dead_glues_absent": {},
   "dead_variant_glues": [],
   "expected": [
    "p",
    "q",
    "r",
    "s"
   ],
   "full_locks": true,
   "n_rows": 4,
   "name": "PC5",
   "ok": true,
   "predicted": [
    "p",
    "q",
    "r",
    "s"
   ],
   "seconds_bfs": 0.003,
   "seconds_compile": 0.008,
   "terminal_decodes": [
    [
     "p",
     "q",
     "r",
     "s"
    ]
   ],
   "terminals": 1,
   "tiles": 16
  },
  {
   "assemblies": 85,
   "d4_severity": "error",
   "dead_glues_absent": {},
   "dead_variant_glues": [],
   "expected": [
    "p",
    "q",
    "r",
    "s"
   ],
   "full_locks": true,
   "n_rows": 4,
   "name": "PC6",
   "ok": true,
   "predicted": [
    "p",
    "q",
    "r",
    "s"
   ],
   "seconds_bfs": 0.003,
   "seconds_compile": 0.0,
   "terminal_decodes": [
    [
     "p",
     "q",
     "r",
     "s"
    ]
   ],
   "terminals": 2,
   "tiles": 18
  },
  {
   "assemblies": 100,
   "d4_severity": "error",
   "dead_glues_absent": {},
   "dead_variant_glues": [],
   "expected": [
    "p",
    "q",
    "r",
    "s"
   ],
   "full_locks": true,
   "n_rows": 4,
   "name": "PC7",
   "ok": true,
   "predicted": [
    "p",
    "q",
    "r",
    "s"
   ],
   "seconds_bfs": 0.004,
   "seconds_compile": 0.0,
   "terminal_decodes": [
    [
     "p",
     "q",
     "r",
     "s"
    ]
   ],
   "terminals": 3,
   "tiles": 20
  },
  {
   "assemblies": 85,
   "d4_severity": "error",
   "dead_glues_absent": {},
   "dead_variant_glues": [],
   "expected": [
    "p",
    "q",
    "r",
    "s"
   ],
   "full_locks": true,
   "n_rows": 4,
   "name": "PC8",
   "ok": true,
   "predicted": [
    "p",
    "q",
    "r",
    "s"
   ],
   "seconds_bfs": 0.003,
   "seconds_compile": 0.0,
   "terminal_decodes": [
    [
     "p",
     "q",
     "r",
     "s"
    ]
   ],
   "terminals": 2,
   "tiles": 18
  }
 ],
 "refusals": [
  {
   "message": "conjunctive variant of 'r': literals must sit at (adjacent-below, row-1 via), got rows (2, 1)",
   "name": "PR1",
   "ok": true,
   "raised": "UnsupportedGeometry"
  },
  {
   "message": "fact-true 'q' at terminal row: no corpus build pins a terminal V tile (refused)",
   "name": "PR2",
   "ok": true,
   "raised": "UnsupportedGeometry"
  },
  {
   "message": "rule atom 'r' at non-terminal row 3: variant readers occupy the via column; multi-derived-row chains are untested geometry",
   "name": "PR3",
   "ok": true,
   "raised": "UnsupportedGeometry"
  },
  {
   "message": "unit variant of 'r': literal 'q' not via-carried (row-1); direct-below unit readers are a designs/002 geometry, unwired in v0.1",
   "name": "PR4",
   "ok": true,
   "raised": "UnsupportedGeometry"
  },
  {
   "message": "body width 3 for 'r': slot widening untested (designs/003 honest limit)",
   "name": "PR5",
   "ok": true,
   "raised": "UnsupportedGeometry"
  },
  {
   "message": "d3 support: predicted-true 'r' has no live rule",
   "name": "PR6",
   "ok": true,
   "raised": "CompileError"
  }
 ]
}
