{
 "canonical": {
  "0,1": "S1",
  "0,2": "S2",
  "0,3": "S3",
  "1,1": "D1T",
  "1,2": "D2T",
  "1,3": "DAr",
  "2,1": "V0p",
  "2,2": "Vp",
  "2,3": "DBr",
  "3,1": "L1",
  "3,2": "L2",
  "3,3": "L3"
 },
 "systems": {
  "D1T": {
   "lock_deep_probe": {
    "3,1": {
     "V0p": {
      "V0p": 1
     },
     "Vp": {
      "L2": 1,
      "Vp": 1
     }
    },
    "3,2": {
     "D2T": {
      "Vp": 1
     },
     "DBr": {
      "L3": 1
     },
     "V0p": {
      "L1": 1,
      "V0p": 1
     },
     "Vp": {
      "Vp": 1
     }
    },
    "3,3": {
     "D2T": {
      "L2": 1,
      "Vp": 1
     },
     "Vp": {
      "L2": 1,
      "Vp": 1
     }
    }
   },
   "off_channel": {
    "1,1": {
     "V0p": 2,
     "Vp": 1
    },
    "1,2": {
     "Vp": 1
    },
    "2,1": {
     "Vp": 1
    },
    "2,2": {
     "D2T": 2,
     "DBr": 1,
     "L2": 1,
     "V0p": 1
    },
    "2,3": {
     "D2T": 1,
     "Vp": 1
    },
    "3,1": {
     "V0p": 1
    },
    "3,2": {
     "Vp": 1
    }
   },
   "off_channel_sites_per_species": {
    "D2T": [
     "2,2",
     "2,3"
    ],
    "DBr": [
     "2,2"
    ],
    "L2": [
     "2,2"
    ],
    "V0p": [
     "1,1",
     "2,2",
     "3,1"
    ],
    "Vp": [
     "1,1",
     "1,2",
     "2,1",
     "2,3",
     "3,2"
    ]
   }
  },
  "D2T": {
   "lock_deep_probe": {
    "3,1": {
     "D1T": {
      "V0p": 1
     },
     "V0p": {
      "V0p": 1
     },
     "Vp": {
      "L2": 1,
      "Vp": 1
     }
    },
    "3,2": {
     "D1T": {
      "L1": 1,
      "V0p": 1
     },
     "DBr": {
      "L3": 1
     },
     "V0p": {
      "L1": 1,
      "V0p": 1
     },
     "Vp": {
      "Vp": 1
     }
    },
    "3,3": {
     "Vp": {
      "L2": 1,
      "Vp": 1
     }
    }
   },
   "off_channel": {
    "1,1": {
     "V0p": 1
    },
    "1,2": {
     "DBr": 1,
     "Vp": 2
    },
    "2,1": {
     "D1T": 2,
     "L1": 1,
     "Vp": 1
    },
    "2,2": {
     "D1T": 1,
     "DBr": 1,
     "V0p": 1
    },
    "2,3": {
     "Vp": 1
    },
    "3,1": {
     "V0p": 1
    },
    "3,2": {
     "Vp": 1
    }
   },
   "off_channel_sites_per_species": {
    "D1T": [
     "2,1",
     "2,2"
    ],
    "DBr": [
     "1,2",
     "2,2"
    ],
    "L1": [
     "2,1"
    ],
    "V0p": [
     "1,1",
     "2,2",
     "3,1"
    ],
    "Vp": [
     "1,2",
     "2,1",
     "2,3",
     "3,2"
    ]
   }
  },
  "DAr": {
   "lock_deep_probe": {
    "3,1": {
     "D1T": {
      "V0p": 1
     },
     "V0p": {
      "V0p": 1
     },
     "Vp": {
      "L2": 1,
      "Vp": 1
     }
    },
    "3,2": {
     "D1T": {
      "L1": 1,
      "V0p": 1
     },
     "D2T": {
      "Vp": 1
     },
     "DBr": {
      "L3": 1
     },
     "V0p": {
      "L1": 1,
      "V0p": 1
     },
     "Vp": {
      "Vp": 1
     }
    },
    "3,3": {
     "D2T": {
      "L2": 1,
      "Vp": 1
     },
     "Vp": {
      "L2": 1,
      "Vp": 1
     }
    }
   },
   "off_channel": {
    "1,1": {
     "V0p": 2,
     "Vp": 1
    },
    "1,2": {
     "DBr": 1,
     "Vp": 2
    },
    "2,1": {
     "D1T": 2,
     "L1": 1,
     "Vp": 1
    },
    "2,2": {
     "D1T": 1,
     "D2T": 2,
     "DBr": 1,
     "L2": 1,
     "V0p": 1
    },
    "2,3": {
     "D2T": 1,
     "Vp": 1
    },
    "3,1": {
     "V0p": 1
    },
    "3,2": {
     "Vp": 1
    }
   },
   "off_channel_sites_per_species": {
    "D1T": [
     "2,1",
     "2,2"
    ],
    "D2T": [
     "2,2",
     "2,3"
    ],
    "DBr": [
     "1,2",
     "2,2"
    ],
    "L1": [
     "2,1"
    ],
    "L2": [
     "2,2"
    ],
    "V0p": [
     "1,1",
     "2,2",
     "3,1"
    ],
    "Vp": [
     "1,1",
     "1,2",
     "2,1",
     "2,3",
     "3,2"
    ]
   }
  },
  "DBr": {
   "lock_deep_probe": {
    "3,1": {
     "D1T": {
      "V0p": 1
     },
     "V0p": {
      "V0p": 1
     },
     "Vp": {
      "L2": 1,
      "Vp": 1
     }
    },
    "3,2": {
     "D2T": {
      "Vp": 1
     },
     "Vp": {
      "Vp": 1
     }
    },
    "3,3": {
     "D2T": {
      "L2": 1,
      "Vp": 1
     },
     "Vp": {
      "L2": 1,
      "Vp": 1
     }
    }
   },
   "off_channel": {
    "1,1": {
     "V0p": 2,
     "Vp": 1
    },
    "1,2": {
     "Vp": 2
    },
    "2,1": {
     "D1T": 2,
     "L1": 1,
     "Vp": 1
    },
    "2,2": {
     "D2T": 2,
     "L2": 1
    },
    "2,3": {
     "D2T": 1,
     "Vp": 1
    },
    "3,1": {
     "V0p": 1
    },
    "3,2": {
     "Vp": 1
    }
   },
   "off_channel_sites_per_species": {
    "D1T": [
     "2,1"
    ],
    "D2T": [
     "2,2",
     "2,3"
    ],
    "L1": [
     "2,1"
    ],
    "L2": [
     "2,2"
    ],
    "V0p": [
     "1,1",
     "3,1"
    ],
    "Vp": [
     "1,1",
     "1,2",
     "2,1",
     "2,3",
     "3,2"
    ]
   }
  },
  "L3": {
   "lock_deep_probe": {
    "3,1": {
     "D1T": {
      "V0p": 1
     },
     "V0p": {
      "V0p": 1
     },
     "Vp": {
      "L2": 1,
      "Vp": 1
     }
    },
    "3,2": {
     "D1T": {
      "L1": 1,
      "V0p": 1
     },
     "D2T": {
      "Vp": 1
     },
     "V0p": {
      "L1": 1,
      "V0p": 1
     },
     "Vp": {
      "Vp": 1
     }
    },
    "3,3": {
     "D2T": {
      "L2": 1,
      "Vp": 1
     },
     "Vp": {
      "L2": 1,
      "Vp": 1
     }
    }
   },
   "off_channel": {
    "1,1": {
     "V0p": 2,
     "Vp": 1
    },
    "1,2": {
     "DBr": 1,
     "Vp": 2
    },
    "2,1": {
     "D1T": 2,
     "L1": 1,
     "Vp": 1
    },
    "2,2": {
     "D1T": 1,
     "D2T": 2,
     "DBr": 1,
     "L2": 1,
     "V0p": 1
    },
    "2,3": {
     "D2T": 1,
     "Vp": 1
    },
    "3,1": {
     "V0p": 1
    },
    "3,2": {
     "Vp": 1
    }
   },
   "off_channel_sites_per_species": {
    "D1T": [
     "2,1",
     "2,2"
    ],
    "D2T": [
     "2,2",
     "2,3"
    ],
    "DBr": [
     "1,2",
     "2,2"
    ],
    "L1": [
     "2,1"
    ],
    "L2": [
     "2,2"
    ],
    "V0p": [
     "1,1",
     "2,2",
     "3,1"
    ],
    "Vp": [
     "1,1",
     "1,2",
     "2,1",
     "2,3",
     "3,2"
    ]
   }
  },
  "V0p": {
   "lock_deep_probe": {
    "3,1": {
     "Vp": {
      "L2": 1,
      "Vp": 1
     }
    },
    "3,2": {
     "D1T": {
      "L1": 1
     },
     "D2T": {
      "Vp": 1
     },
     "Vp": {
      "Vp": 1
     }
    },
    "3,3": {
     "D2T": {
      "L2": 1,
      "Vp": 1
     },
     "Vp": {
      "L2": 1,
      "Vp": 1
     }
    }
   },
   "off_channel": {
    "1,1": {
     "Vp": 1
    },
    "1,2": {
     "DBr": 1,
     "Vp": 2
    },
    "2,1": {
     "D1T": 2,
     "L1": 1,
     "Vp": 1
    },
    "2,2": {
     "D1T": 1,
     "D2T": 1,
     "L2": 1
    },
    "2,3": {
     "D2T": 1,
     "Vp": 1
    },
    "3,2": {
     "Vp": 1
    }
   },
   "off_channel_sites_per_species": {
    "D1T": [
     "2,1",
     "2,2"
    ],
    "D2T": [
     "2,2",
     "2,3"
    ],
    "DBr": [
     "1,2"
    ],
    "L1": [
     "2,1"
    ],
    "L2": [
     "2,2"
    ],
    "Vp": [
     "1,1",
     "1,2",
     "2,1",
     "2,3",
     "3,2"
    ]
   }
  },
  "Vp": {
   "lock_deep_probe": {
    "3,1": {
     "D1T": {
      "V0p": 1
     },
     "V0p": {
      "V0p": 1
     }
    },
    "3,2": {
     "D1T": {
      "L1": 1,
      "V0p": 1
     },
     "DBr": {
      "L3": 1
     },
     "V0p": {
      "L1": 1,
      "V0p": 1
     }
    }
   },
   "off_channel": {
    "1,1": {
     "V0p": 2
    },
    "1,2": {
     "DBr": 1
    },
    "2,1": {
     "D1T": 1,
     "L1": 1
    },
    "2,2": {
     "D1T": 1,
     "D2T": 2,
     "DBr": 1,
     "L2": 1,
     "V0p": 1
    },
    "3,1": {
     "V0p": 1
    }
   },
   "off_channel_sites_per_species": {
    "D1T": [
     "2,1",
     "2,2"
    ],
    "D2T": [
     "2,2"
    ],
    "DBr": [
     "1,2",
     "2,2"
    ],
    "L1": [
     "2,1"
    ],
    "L2": [
     "2,2"
    ],
    "V0p": [
     "1,1",
     "2,2",
     "3,1"
    ]
   }
  },
  "build1": {
   "lock_deep_probe": {
    "3,1": {
     "D1T": {
      "V0p": 1
     },
     "V0p": {
      "V0p": 1
     },
     "Vp": {
      "L2": 1,
      "Vp": 1
     }
    },
    "3,2": {
     "D1T": {
      "L1": 1,
      "V0p": 1
     },
     "D2T": {
      "Vp": 1
     },
     "DBr": {
      "L3": 1
     },
     "V0p": {
      "L1": 1,
      "V0p": 1
     },
     "Vp": {
      "Vp": 1
     }
    },
    "3,3": {
     "D2T": {
      "L2": 1,
      "Vp": 1
     },
     "Vp": {
      "L2": 1,
      "Vp": 1
     }
    }
   },
   "off_channel": {
    "1,1": {
     "V0p": 2,
     "Vp": 1
    },
    "1,2": {
     "DBr": 1,
     "Vp": 2
    },
    "2,1": {
     "D1T": 2,
     "L1": 1,
     "Vp": 1
    },
    "2,2": {
     "D1T": 1,
     "D2T": 2,
     "DBr": 1,
     "L2": 1,
     "V0p": 1
    },
    "2,3": {
     "D2T": 1,
     "Vp": 1
    },
    "3,1": {
     "V0p": 1
    },
    "3,2": {
     "Vp": 1
    }
   },
   "off_channel_sites_per_species": {
    "D1T": [
     "2,1",
     "2,2"
    ],
    "D2T": [
     "2,2",
     "2,3"
    ],
    "DBr": [
     "1,2",
     "2,2"
    ],
    "L1": [
     "2,1"
    ],
    "L2": [
     "2,2"
    ],
    "V0p": [
     "1,1",
     "2,2",
     "3,1"
    ],
    "Vp": [
     "1,1",
     "1,2",
     "2,1",
     "2,3",
     "3,2"
    ]
   }
  }
 }
}